// Jest Snapshot v1, https://goo.gl/fbAQLP

exports[`Loader renders correctly 1`] = `
<div
  className="sk-folding-cube"
>
  <div
    className="sk-cube1 sk-cube"
  />
  <div
    className="sk-cube2 sk-cube"
  />
  <div
    className="sk-cube3 sk-cube"
  />
  <div
    className="sk-cube4 sk-cube"
  />
</div>
`;
