// Jest Snapshot v1, https://goo.gl/fbAQLP

exports[`PasswordInput should render correctly 1`] = `
<input
  className="input is-large has-text-centered"
  id="popup-password-confirmation"
  onChange={[Function]}
  type="password"
  value=""
/>
`;
