// Jest Snapshot v1, https://goo.gl/fbAQLP

exports[`Sidebar should render correctly 1`] = `
<aside
  className="sidebar tile is-ancestor vertical-spaced"
>
  <div
    className="sidebar-upper tile"
  >
    <div
      className="tile is-vertical"
    >
      <div
        className="sidebar-header tile is-parent is-vertical"
      >
        <div
          className="tile is-child has-text-centered"
        >
          <img
            alt="Logo alpha"
            className="sidebar-logo"
            src="./icons/png/64x64.png"
          />
          <p
            className="has-text-primary"
          >
            100.00 KINESIS
          </p>
        </div>
        <div
          className="sidebar-dropdown tile is-child"
        >
          <div
            className="dropdown is-hoverable"
          >
            <div
              className="dropdown-trigger"
            >
              <button
                aria-controls="dropdown-menu"
                aria-haspopup="true"
                className="dropdown-button button is-radiusless is-fullwidth"
              >
                <span
                  className="icon is-large"
                >
                  <i
                    className="fal fa-lg fa-user-circle"
                  />
                </span>
                <p>
                  Samuello B
                </p>
                <span
                  className="icon is-small"
                >
                  <i
                    aria-hidden="true"
                    className="fal fa-lg fa-angle-down"
                  />
                </span>
              </button>
            </div>
            <div
              className="dropdown-menu is-paddingless"
              id="dropdown-menu"
              role="menu"
            >
              <div
                className="dropdown-content is-paddingless"
              >
                <div
                  className="dropdown-item is-paddingless is-active"
                >
                  <a
                    className="button is-radiusless is-fullwidth is-shadowless"
                  >
                    <span
                      className="icon"
                    >
                      <i
                        className="fal fa-lg fa-check-circle"
                      />
                    </span>
                    <span>
                      Account 1
                    </span>
                  </a>
                </div>
                <div
                  className="dropdown-item is-paddingless"
                >
                  <a
                    className="button is-radiusless is-fullwidth is-shadowless"
                  >
                    <span
                      className="icon"
                    />
                    <span>
                      Account 2
                    </span>
                  </a>
                </div>
                <div
                  className="dropdown-item is-paddingless"
                >
                  <a
                    className="button is-radiusless is-fullwidth is-shadowless"
                  >
                    <span
                      className="icon"
                    />
                    <span>
                      Account 3
                    </span>
                  </a>
                </div>
                <hr
                  className="dropdown-divider is-marginless"
                />
                <div
                  className="dropdown-item is-paddingless"
                >
                  <a
                    className="button is-radiusless is-fullwidth is-shadowless"
                  >
                    <span
                      className="icon"
                    >
                      <i
                        className="fal fa-lg fa-plus-circle"
                      />
                    </span>
                    <span>
                      Add Account
                    </span>
                  </a>
                </div>
                <hr
                  className="dropdown-divider is-marginless"
                />
                <div
                  className="dropdown-item is-paddingless"
                >
                  <a
                    className="button is-radiusless is-fullwidth is-shadowless"
                  >
                    <span
                      className="icon"
                    >
                      <i
                        className="fal fa-lg fa-download"
                      />
                    </span>
                    <span>
                      Import Account
                    </span>
                  </a>
                </div>
              </div>
            </div>
          </div>
        </div>
      </div>
      <div
        className="sidebar-list tile is-parent is-vertical"
      >
        <SidebarItem
          icon="chart-pie"
          title="Portfolio"
          to="/dashboard"
        />
        <SidebarItem
          icon="wallet"
          title="Funds"
          to="/funds"
        />
        <SidebarItem
          icon="address-book"
          title="Address Book"
          to="/address-book"
        />
        <SidebarItem
          icon="exchange"
          title="Exchange"
          to="/exchange"
        />
      </div>
    </div>
  </div>
  <div
    className="sidebar-lower tile is-parent"
  >
    <div
      className="sidebar-lower-icon-list tile is-child"
    >
      <a
        className="sidebar-lower-icon button is-shadowless"
        href="#"
        title="settings"
      >
        <span
          className="icon is-large"
        >
          <i
            className="fal fa-lg fa-sliders-v"
          />
        </span>
      </a>
      <a
        className="sidebar-lower-icon button is-shadowless"
        href="#"
        title="help"
      >
        <span
          className="icon is-large"
        >
          <i
            className="fal fa-lg fa-question-circle"
          />
        </span>
      </a>
      <a
        className="sidebar-lower-icon button is-shadowless"
        href="/"
        title="logout"
      >
        <span
          className="icon is-large"
        >
          <i
            className="fal fa-lg fa-sign-out-alt"
          />
        </span>
      </a>
    </div>
  </div>
</aside>
`;
