// Jest Snapshot v1, https://goo.gl/fbAQLP

exports[`TransferForm renders correctly 1`] = `
<div
  style={
    Object {
      "position": "relative",
    }
  }
>
  <div
    style={Object {}}
  >
    <PayeeSelector
      changeTransferView={[Function]}
      handleChange={[Function]}
      payees={
        Array [
          Object {
            "name": "Fred",
            "publicKey": "123",
          },
        ]
      }
      targetPayee="asdf"
    />
    <InputField
      icon="fa-address-card"
      id="transfer-target-address"
      isDisabled={false}
      onChangeHandler={[Function]}
      placeholder="Or input target address"
      value="asdf"
    />
    <InputField
      icon="fa-coins"
      id="transfer-amount"
      onChangeHandler={[Function]}
      placeholder="Amount"
      type="number"
      value="0.1"
    />
    <InputField
      icon="fa-comment"
      id="transfer-memo"
      onChangeHandler={[Function]}
      placeholder="Optional message"
      value=""
    />
    <div
      className="field is-grouped"
    >
      <div
        className="control is-expanded"
      >
        <button
          className="button is-fullwidth"
          onClick={[Function]}
        >
          <span>
            Transfer
          </span>
        </button>
      </div>
      <div
        className="control"
      >
        <button
          className="button is-text"
          onClick={[Function]}
          title="Copy Transaction"
        >
          <span
            className="icon"
          >
            <i
              className="fas fa-copy"
            />
          </span>
        </button>
      </div>
    </div>
  </div>
</div>
`;
