// Jest Snapshot v1, https://goo.gl/fbAQLP

exports[`DropdownForm renders correctly 1`] = `
<Fragment>
  <label
    className="label is-small"
  >
    To
  </label>
  <div
    className="field is-grouped"
  >
    <div
      className="control is-expanded"
    >
      <div
        className="select is-fullwidth payee-select"
      >
        <select
          className="has-text-grey"
          onChange={[Function]}
          value="qweasd"
        >
          <option>
            Select a contact
          </option>
          <option
            className="has-text-weight-bold is-uppercase"
            disabled={true}
          >
            My contacts
          </option>
          <option
            key="123qwe"
            value="123qwe"
          >
            John
          </option>
        </select>
      </div>
    </div>
    <div
      className="control is-flex"
    >
      <span
        className="is-uppercase is-size-7 has-text-grey-lighter"
        style={
          Object {
            "alignSelf": "center",
          }
        }
      >
        or
      </span>
    </div>
    <div
      className="control"
    >
      <button
        className="button is-primary"
        onClick={[Function]}
      >
        Add new
      </button>
    </div>
  </div>
</Fragment>
`;
