// Jest Snapshot v1, https://goo.gl/fbAQLP

exports[`TransferButtons should render correctly 1`] = `
<section
  className="field is-grouped is-grouped-right"
>
  <p
    className="control"
  >
    <button
      className="button is-text"
      onClick={[Function]}
    >
      Cancel
    </button>
  </p>
  <p
    className="control"
  >
    <button
      className="button is-primary"
      onClick={[Function]}
    >
      <span
        className="icon"
      >
        <i
          className="fal fa-arrow-up"
        />
      </span>
      <span>
        Next
      </span>
    </button>
  </p>
</section>
`;
